============================
Thoi gian: Mon May 18 02:04:31 UTC 2026
Ten file backup: data_backup_2026-05-18_02-04.tar.gz
Trang thai backup: Thanh cong
Trang thai mang: Co ket noi Internet
============================
Thoi gian: Mon May 18 02:34:23 UTC 2026
Ten file backup: data_backup_2026-05-18_02-34.tar.gz
Trang thai backup: Thanh cong
Trang thai mang: Co ket noi Internet
============================
Thoi gian: Mon May 18 03:28:54 UTC 2026
Ten file backup: data_backup_2026-05-18_03-28.tar.gz
Trang thai backup: Thanh cong
Trang thai mang: Co ket noi Internet
============================
Thoi gian: Mon May 18 03:35:17 UTC 2026
Ten file backup: data_backup_2026-05-18_03-35.tar.gz
Trang thai backup: Thanh cong
Trang thai mang: Co ket noi Internet
============================
Thoi gian: Mon May 18 03:36:00 UTC 2026
Ten file backup: data_backup_2026-05-18_03-36.tar.gz
Trang thai backup: Thanh cong
Trang thai mang: Co ket noi Internet
============================
Thoi gian: Mon May 18 03:37:36 UTC 2026
Ten file backup: data_backup_2026-05-18_03-37.tar.gz
Trang thai backup: Thanh cong
Trang thai mang: Co ket noi Internet
============================
Thoi gian: Mon May 18 03:37:42 UTC 2026
Ten file backup: data_backup_2026-05-18_03-37.tar.gz
Trang thai backup: Thanh cong
Trang thai mang: Co ket noi Internet
